Analyzing auto_service_app-main...                              

   info - 'withOpacity' is deprecated and shouldn't be used. Use .withValues() to avoid precision loss - lib\core\theme\app_theme.dart:97:27 - deprecated_member_use
   info - 'withOpacity' is deprecated and shouldn't be used. Use .withValues() to avoid precision loss - lib\core\theme\app_theme.dart:105:27 - deprecated_member_use
   info - 'withOpacity' is deprecated and shouldn't be used. Use .withValues() to avoid precision loss - lib\core\theme\app_theme.dart:113:32 - deprecated_member_use
   info - 'withOpacity' is deprecated and shouldn't be used. Use .withValues() to avoid precision loss - lib\core\theme\app_theme.dart:196:40 - deprecated_member_use
   info - Don't invoke 'print' in production code - lib\data\datasources\remote\market_api_service.dart:24:7 - avoid_print
   info - Don't invoke 'print' in production code - lib\data\datasources\remote\market_api_service.dart:28:7 - avoid_print
   info - Don't invoke 'print' in production code - lib\data\datasources\remote\market_api_service.dart:62:9 - avoid_print
   info - Don't invoke 'print' in production code - lib\data\repositories\market_repository.dart:25:9 - avoid_print
   info - Don't invoke 'print' in production code - lib\data\repositories\market_repository.dart:28:11 - avoid_print
   info - Don't invoke 'print' in production code - lib\data\repositories\reviews_repository.dart:23:9 - avoid_print
   info - Don't invoke 'print' in production code - lib\data\repositories\reviews_repository.dart:26:11 - avoid_print
   info - The type of the right operand ('String') isn't a subtype or a supertype of the left operand ('int?') - lib\presentation\providers\booking_provider.dart:242:48 - unrelated_type_equality_checks
   info - 'desiredAccuracy' is deprecated and shouldn't be used. use settings parameter with AndroidSettings, AppleSettings, WebSettings, or LocationSettings - lib\presentation\screens\common\location_picker_screen.dart:63:9 - deprecated_member_use
   info - 'withOpacity' is deprecated and shouldn't be used. Use .withValues() to avoid precision loss - lib\presentation\screens\common\location_picker_screen.dart:158:45 - deprecated_member_use
   info - 'withOpacity' is deprecated and shouldn't be used. Use .withValues() to avoid precision loss - lib\presentation\screens\common\location_picker_screen.dart:201:41 - deprecated_member_use
   info - 'desiredAccuracy' is deprecated and shouldn't be used. use settings parameter with AndroidSettings, AppleSettings, WebSettings, or LocationSettings - lib\presentation\screens\home\home_screen.dart:523:11 - deprecated_member_use
   info - 'timeLimit' is deprecated and shouldn't be used. use settings parameter with AndroidSettings, AppleSettings, WebSettings, or LocationSettings - lib\presentation\screens\home\home_screen.dart:524:11 - deprecated_member_use
   info - 'withOpacity' is deprecated and shouldn't be used. Use .withValues() to avoid precision loss - lib\presentation\screens\home\home_screen.dart:1063:54 - deprecated_member_use
   info - 'withOpacity' is deprecated and shouldn't be used. Use .withValues() to avoid precision loss - lib\presentation\screens\home\home_screen.dart:1098:43 - deprecated_member_use
   info - 'withOpacity' is deprecated and shouldn't be used. Use .withValues() to avoid precision loss - lib\presentation\screens\services\add_service_screen.dart:788:61 - deprecated_member_use
   info - 'withOpacity' is deprecated and shouldn't be used. Use .withValues() to avoid precision loss - lib\presentation\screens\services\add_service_screen.dart:793:47 - deprecated_member_use
   info - 'withOpacity' is deprecated and shouldn't be used. Use .withValues() to avoid precision loss - lib\presentation\screens\services\add_service_screen.dart:876:44 - deprecated_member_use
   info - 'withOpacity' is deprecated and shouldn't be used. Use .withValues() to avoid precision loss - lib\presentation\screens\services\add_service_screen.dart:880:47 - deprecated_member_use
   info - 'withOpacity' is deprecated and shouldn't be used. Use .withValues() to avoid precision loss - lib\presentation\screens\services\add_service_screen.dart:936:47 - deprecated_member_use
   info - 'withOpacity' is deprecated and shouldn't be used. Use .withValues() to avoid precision loss - lib\presentation\screens\services\add_service_screen.dart:992:57 - deprecated_member_use
   info - 'withOpacity' is deprecated and shouldn't be used. Use .withValues() to avoid precision loss - lib\presentation\screens\services\service_detail_screen.dart:1037:38 - deprecated_member_use
   info - Don't invoke 'print' in production code - lib\presentation\screens\services\services_map_screen.dart:371:7 - avoid_print
   info - Don't invoke 'print' in production code - lib\presentation\screens\services\services_map_screen.dart:372:7 - avoid_print
   info - 'desiredAccuracy' is deprecated and shouldn't be used. use settings parameter with AndroidSettings, AppleSettings, WebSettings, or LocationSettings - lib\presentation\screens\services\services_map_screen.dart:419:9 - deprecated_member_use
   info - 'timeLimit' is deprecated and shouldn't be used. use settings parameter with AndroidSettings, AppleSettings, WebSettings, or LocationSettings - lib\presentation\screens\services\services_map_screen.dart:420:9 - deprecated_member_use
   info - 'desiredAccuracy' is deprecated and shouldn't be used. use settings parameter with AndroidSettings, AppleSettings, WebSettings, or LocationSettings - lib\presentation\screens\services\services_screen.dart:76:13 - deprecated_member_use
   info - 'timeLimit' is deprecated and shouldn't be used. use settings parameter with AndroidSettings, AppleSettings, WebSettings, or LocationSettings - lib\presentation\screens\services\services_screen.dart:77:13 - deprecated_member_use
   info - Unnecessary use of multiple underscores - lib\presentation\screens\services\services_screen.dart:514:69 - unnecessary_underscores
   info - Unnecessary use of multiple underscores - lib\presentation\screens\services\services_screen.dart:514:73 - unnecessary_underscores
   info - 'groupValue' is deprecated and shouldn't be used. Use a RadioGroup ancestor to manage group value instead. This feature was deprecated after v3.32.0-0.0.pre - lib\presentation\screens\settings_screen.dart:100:23 - deprecated_member_use
   info - 'onChanged' is deprecated and shouldn't be used. Use RadioGroup to handle value change instead. This feature was deprecated after v3.32.0-0.0.pre - lib\presentation\screens\settings_screen.dart:101:23 - deprecated_member_use
   info - 'groupValue' is deprecated and shouldn't be used. Use a RadioGroup ancestor to manage group value instead. This feature was deprecated after v3.32.0-0.0.pre - lib\presentation\screens\settings_screen.dart:110:23 - deprecated_member_use
   info - 'onChanged' is deprecated and shouldn't be used. Use RadioGroup to handle value change instead. This feature was deprecated after v3.32.0-0.0.pre - lib\presentation\screens\settings_screen.dart:111:23 - deprecated_member_use
   info - 'groupValue' is deprecated and shouldn't be used. Use a RadioGroup ancestor to manage group value instead. This feature was deprecated after v3.32.0-0.0.pre - lib\presentation\screens\settings_screen.dart:149:7 - deprecated_member_use
   info - 'onChanged' is deprecated and shouldn't be used. Use RadioGroup to handle value change instead. This feature was deprecated after v3.32.0-0.0.pre - lib\presentation\screens\settings_screen.dart:150:7 - deprecated_member_use
   info - 'withOpacity' is deprecated and shouldn't be used. Use .withValues() to avoid precision loss - lib\presentation\screens\shop\add_product_screen.dart:62:45 - deprecated_member_use
   info - 'withOpacity' is deprecated and shouldn't be used. Use .withValues() to avoid precision loss - lib\presentation\screens\shop\add_product_screen.dart:128:45 - deprecated_member_use
   info - 'withOpacity' is deprecated and shouldn't be used. Use .withValues() to avoid precision loss - lib\presentation\screens\shop\employee_bookings_screen.dart:191:40 - deprecated_member_use
   info - 'withOpacity' is deprecated and shouldn't be used. Use .withValues() to avoid precision loss - lib\presentation\screens\shop\employee_bookings_screen.dart:193:59 - deprecated_member_use
   info - 'withOpacity' is deprecated and shouldn't be used. Use .withValues() to avoid precision loss - lib\presentation\screens\shop\select_existing_product_screen.dart:250:47 - deprecated_member_use
   info - 'withOpacity' is deprecated and shouldn't be used. Use .withValues() to avoid precision loss - lib\presentation\widgets\custom_search_bar.dart:105:49 - deprecated_member_use
   info - 'withOpacity' is deprecated and shouldn't be used. Use .withValues() to avoid precision loss - lib\presentation\widgets\custom_search_bar.dart:116:47 - deprecated_member_use
   info - 'withOpacity' is deprecated and shouldn't be used. Use .withValues() to avoid precision loss - lib\presentation\widgets\custom_search_bar.dart:123:46 - deprecated_member_use
   info - 'withOpacity' is deprecated and shouldn't be used. Use .withValues() to avoid precision loss - lib\presentation\widgets\custom_search_bar.dart:124:45 - deprecated_member_use
   info - 'withOpacity' is deprecated and shouldn't be used. Use .withValues() to avoid precision loss - lib\presentation\widgets\custom_search_bar.dart:132:46 - deprecated_member_use
   info - 'withOpacity' is deprecated and shouldn't be used. Use .withValues() to avoid precision loss - lib\presentation\widgets\custom_search_bar.dart:133:45 - deprecated_member_use
   info - 'withOpacity' is deprecated and shouldn't be used. Use .withValues() to avoid precision loss - lib\presentation\widgets\custom_search_bar.dart:140:38 - deprecated_member_use
   info - 'withOpacity' is deprecated and shouldn't be used. Use .withValues() to avoid precision loss - lib\presentation\widgets\custom_search_bar.dart:142:44 - deprecated_member_use
   info - 'withOpacity' is deprecated and shouldn't be used. Use .withValues() to avoid precision loss - lib\presentation\widgets\custom_search_bar.dart:143:43 - deprecated_member_use
   info - 'withOpacity' is deprecated and shouldn't be used. Use .withValues() to avoid precision loss - lib\presentation\widgets\custom_search_bar.dart:155:48 - deprecated_member_use
   info - 'withOpacity' is deprecated and shouldn't be used. Use .withValues() to avoid precision loss - lib\presentation\widgets\custom_search_bar.dart:156:48 - deprecated_member_use
   info - 'withOpacity' is deprecated and shouldn't be used. Use .withValues() to avoid precision loss - lib\presentation\widgets\custom_search_bar.dart:198:56 - deprecated_member_use
   info - 'withOpacity' is deprecated and shouldn't be used. Use .withValues() to avoid precision loss - lib\presentation\widgets\custom_search_bar.dart:205:63 - deprecated_member_use
   info - 'withOpacity' is deprecated and shouldn't be used. Use .withValues() to avoid precision loss - lib\presentation\widgets\custom_search_bar.dart:264:57 - deprecated_member_use
   info - 'withOpacity' is deprecated and shouldn't be used. Use .withValues() to avoid precision loss - lib\presentation\widgets\custom_search_bar.dart:271:43 - deprecated_member_use
   info - 'WillPopScope' is deprecated and shouldn't be used. Use PopScope instead. The Android predictive back feature will not work with WillPopScope. This feature was deprecated after v3.12.0-1.0.pre - lib\presentation\widgets\dialogs\location_permission_dialog.dart:234:29 - deprecated_member_use
   info - 'WillPopScope' is deprecated and shouldn't be used. Use PopScope instead. The Android predictive back feature will not work with WillPopScope. This feature was deprecated after v3.12.0-1.0.pre - lib\presentation\widgets\dialogs\location_permission_dialog.dart:246:29 - deprecated_member_use
   info - 'WillPopScope' is deprecated and shouldn't be used. Use PopScope instead. The Android predictive back feature will not work with WillPopScope. This feature was deprecated after v3.12.0-1.0.pre - lib\presentation\widgets\dialogs\location_permission_dialog.dart:258:29 - deprecated_member_use
   info - 'withOpacity' is deprecated and shouldn't be used. Use .withValues() to avoid precision loss - lib\presentation\widgets\navigation_panel.dart:29:33 - deprecated_member_use
   info - 'withOpacity' is deprecated and shouldn't be used. Use .withValues() to avoid precision loss - lib\presentation\widgets\review_item_widget.dart:111:59 - deprecated_member_use
  error - '_showResponseField' can't be used as a setter because it's final - lib\presentation\widgets\review_item_widget.dart:344:17 - assignment_to_final
   info - 'withOpacity' is deprecated and shouldn't be used. Use .withValues() to avoid precision loss - lib\presentation\widgets\review_item_widget.dart:369:36 - deprecated_member_use
   info - 'withOpacity' is deprecated and shouldn't be used. Use .withValues() to avoid precision loss - lib\presentation\widgets\review_item_widget.dart:374:38 - deprecated_member_use
   info - 'withOpacity' is deprecated and shouldn't be used. Use .withValues() to avoid precision loss - lib\presentation\widgets\review_item_widget.dart:427:52 - deprecated_member_use
  error - The element type 'Set<IconButton>' can't be assigned to the list type 'Widget' - lib\presentation\widgets\review_item_widget.dart:434:72 - list_element_type_not_assignable
  error - Expected to find ';' - lib\presentation\widgets\review_item_widget.dart:459:7 - expected_token
  error - '_showResponseField' can't be used as a setter because it's final - lib\presentation\widgets\review_item_widget.dart:510:27 - assignment_to_final
  error - '_isSubmitting' can't be used as a setter because it's final - lib\presentation\widgets\review_item_widget.dart:543:20 - assignment_to_final
  error - '_showResponseField' can't be used as a setter because it's final - lib\presentation\widgets\review_item_widget.dart:552:11 - assignment_to_final
  error - '_isSubmitting' can't be used as a setter because it's final - lib\presentation\widgets\review_item_widget.dart:554:11 - assignment_to_final
  error - '_isSubmitting' can't be used as a setter because it's final - lib\presentation\widgets\review_item_widget.dart:563:24 - assignment_to_final
   info - 'withOpacity' is deprecated and shouldn't be used. Use .withValues() to avoid precision loss - lib\presentation\widgets\route_type_selector.dart:24:33 - deprecated_member_use
   info - 'withOpacity' is deprecated and shouldn't be used. Use .withValues() to avoid precision loss - lib\presentation\widgets\route_type_selector.dart:27:35 - deprecated_member_use
   info - 'withOpacity' is deprecated and shouldn't be used. Use .withValues() to avoid precision loss - lib\presentation\widgets\route_type_selector.dart:32:37 - deprecated_member_use
   info - 'withOpacity' is deprecated and shouldn't be used. Use .withValues() to avoid precision loss - lib\presentation\widgets\route_type_selector.dart:75:39 - deprecated_member_use
   info - 'withOpacity' is deprecated and shouldn't be used. Use .withValues() to avoid precision loss - lib\presentation\widgets\route_type_selector.dart:85:32 - deprecated_member_use
   info - 'withOpacity' is deprecated and shouldn't be used. Use .withValues() to avoid precision loss - lib\presentation\widgets\route_type_selector.dart:92:39 - deprecated_member_use

